2026-04-29 19:21:56,759 - ============================================================
2026-04-29 19:21:56,759 - 🚀 开始训练 U-Net++ 语义分割模型
2026-04-29 19:21:56,760 - 📦 配置: encoder=resnet34, classes=3
2026-04-29 19:21:56,760 - 💻 设备: cuda
2026-04-29 19:21:56,760 - ============================================================
2026-04-29 19:21:56,760 - 🔧 构建模型...
2026-04-29 19:22:08,421 - 📊 模型参数量: 26.08M
2026-04-29 19:22:08,421 - ⚙️ 配置优化器...
2026-04-29 19:22:08,423 - 📦 加载数据集...
2026-04-29 19:22:08,433 - 📁 加载数据集: C:\Users\86135\Desktop\auto\yyfg\dataset_unet\train\images | 样本数: 11245
2026-04-29 19:22:08,435 - 📁 加载数据集: C:\Users\86135\Desktop\auto\yyfg\dataset_unet\val\images | 样本数: 1405
2026-04-29 19:22:32,115 - ✨ 开始训练循环...
2026-04-29 19:30:18,044 - Epoch   1/100 | Loss: 0.1918 / 0.1610 | mIoU: 0.8069 | Dice: 0.8904 | Acc: 0.9257 | LR: 1.00e-04
2026-04-29 19:30:19,690 - ✅ 保存最佳模型 @ epoch 1 (miou=0.8069)
2026-04-29 19:38:15,498 - Epoch   2/100 | Loss: 0.1538 / 0.1555 | mIoU: 0.8108 | Dice: 0.8927 | Acc: 0.9287 | LR: 1.00e-04
2026-04-29 19:38:17,573 - ✅ 保存最佳模型 @ epoch 2 (miou=0.8108)
2026-04-29 19:46:08,097 - Epoch   3/100 | Loss: 0.1492 / 0.1459 | mIoU: 0.8237 | Dice: 0.9013 | Acc: 0.9311 | LR: 1.00e-04
2026-04-29 19:46:08,274 - ✅ 保存最佳模型 @ epoch 3 (miou=0.8237)
2026-04-29 19:53:56,926 - Epoch   4/100 | Loss: 0.1469 / 0.1424 | mIoU: 0.8265 | Dice: 0.9030 | Acc: 0.9330 | LR: 1.00e-04
2026-04-29 19:53:57,096 - ✅ 保存最佳模型 @ epoch 4 (miou=0.8265)
2026-04-29 20:01:52,551 - Epoch   5/100 | Loss: 0.1437 / 0.1391 | mIoU: 0.8310 | Dice: 0.9058 | Acc: 0.9345 | LR: 1.00e-04
2026-04-29 20:01:52,765 - ✅ 保存最佳模型 @ epoch 5 (miou=0.8310)
2026-04-29 20:09:47,017 - Epoch   6/100 | Loss: 0.1428 / 0.1398 | mIoU: 0.8306 | Dice: 0.9056 | Acc: 0.9342 | LR: 1.00e-04
2026-04-29 20:09:47,017 - ⏳ 早停计数: 1/15
2026-04-29 20:17:36,653 - Epoch   7/100 | Loss: 0.1417 / 0.1405 | mIoU: 0.8301 | Dice: 0.9054 | Acc: 0.9334 | LR: 1.00e-04
2026-04-29 20:17:36,657 - ⏳ 早停计数: 2/15
2026-04-29 20:25:22,062 - Epoch   8/100 | Loss: 0.1401 / 0.1361 | mIoU: 0.8339 | Dice: 0.9077 | Acc: 0.9357 | LR: 1.00e-04
2026-04-29 20:25:22,371 - ✅ 保存最佳模型 @ epoch 8 (miou=0.8339)
2026-04-29 20:33:46,071 - Epoch   9/100 | Loss: 0.1394 / 0.1358 | mIoU: 0.8341 | Dice: 0.9077 | Acc: 0.9356 | LR: 1.00e-04
2026-04-29 20:33:46,303 - ✅ 保存最佳模型 @ epoch 9 (miou=0.8341)
2026-04-29 20:42:06,977 - Epoch  10/100 | Loss: 0.1380 / 0.1367 | mIoU: 0.8320 | Dice: 0.9064 | Acc: 0.9356 | LR: 1.00e-04
2026-04-29 20:42:06,978 - ⏳ 早停计数: 1/15
2026-04-29 20:49:57,688 - Epoch  11/100 | Loss: 0.1366 / 0.1372 | mIoU: 0.8329 | Dice: 0.9069 | Acc: 0.9358 | LR: 1.00e-04
2026-04-29 20:49:57,689 - ⏳ 早停计数: 2/15
2026-04-29 20:57:45,714 - Epoch  12/100 | Loss: 0.1363 / 0.1344 | mIoU: 0.8352 | Dice: 0.9084 | Acc: 0.9364 | LR: 1.00e-04
2026-04-29 20:57:45,976 - ✅ 保存最佳模型 @ epoch 12 (miou=0.8352)
2026-04-29 21:05:34,355 - Epoch  13/100 | Loss: 0.1363 / 0.1386 | mIoU: 0.8284 | Dice: 0.9040 | Acc: 0.9352 | LR: 1.00e-04
2026-04-29 21:05:34,356 - ⏳ 早停计数: 1/15
2026-04-29 21:13:21,729 - Epoch  14/100 | Loss: 0.1353 / 0.1345 | mIoU: 0.8355 | Dice: 0.9086 | Acc: 0.9366 | LR: 1.00e-04
2026-04-29 21:13:21,948 - ✅ 保存最佳模型 @ epoch 14 (miou=0.8355)
2026-04-29 21:21:08,124 - Epoch  15/100 | Loss: 0.1350 / 0.1326 | mIoU: 0.8381 | Dice: 0.9103 | Acc: 0.9371 | LR: 1.00e-04
2026-04-29 21:21:08,339 - ✅ 保存最佳模型 @ epoch 15 (miou=0.8381)
2026-04-29 21:28:56,751 - Epoch  16/100 | Loss: 0.1339 / 0.1325 | mIoU: 0.8390 | Dice: 0.9109 | Acc: 0.9367 | LR: 1.00e-04
2026-04-29 21:28:56,974 - ✅ 保存最佳模型 @ epoch 16 (miou=0.8390)
2026-04-29 21:36:40,695 - Epoch  17/100 | Loss: 0.1340 / 0.1373 | mIoU: 0.8324 | Dice: 0.9067 | Acc: 0.9349 | LR: 1.00e-04
2026-04-29 21:36:40,695 - ⏳ 早停计数: 1/15
2026-04-29 21:44:25,638 - Epoch  18/100 | Loss: 0.1332 / 0.1323 | mIoU: 0.8374 | Dice: 0.9098 | Acc: 0.9376 | LR: 1.00e-04
2026-04-29 21:44:25,640 - ⏳ 早停计数: 2/15
2026-04-29 21:52:19,228 - Epoch  19/100 | Loss: 0.1336 / 0.1383 | mIoU: 0.8302 | Dice: 0.9052 | Acc: 0.9356 | LR: 1.00e-04
2026-04-29 21:52:19,229 - ⏳ 早停计数: 3/15
2026-04-29 22:00:18,200 - Epoch  20/100 | Loss: 0.1328 / 0.1350 | mIoU: 0.8356 | Dice: 0.9088 | Acc: 0.9353 | LR: 1.00e-04
2026-04-29 22:00:18,201 - ⏳ 早停计数: 4/15
2026-04-29 22:08:14,926 - Epoch  21/100 | Loss: 0.1323 / 0.1300 | mIoU: 0.8405 | Dice: 0.9117 | Acc: 0.9382 | LR: 1.00e-04
2026-04-29 22:08:15,261 - ✅ 保存最佳模型 @ epoch 21 (miou=0.8405)
2026-04-29 22:16:11,195 - Epoch  22/100 | Loss: 0.1321 / 0.1319 | mIoU: 0.8391 | Dice: 0.9109 | Acc: 0.9371 | LR: 1.00e-04
2026-04-29 22:16:11,199 - ⏳ 早停计数: 1/15
2026-04-29 22:24:04,583 - Epoch  23/100 | Loss: 0.1320 / 0.1327 | mIoU: 0.8378 | Dice: 0.9101 | Acc: 0.9369 | LR: 1.00e-04
2026-04-29 22:24:04,583 - ⏳ 早停计数: 2/15
2026-04-29 22:31:54,989 - Epoch  24/100 | Loss: 0.1314 / 0.1311 | mIoU: 0.8394 | Dice: 0.9111 | Acc: 0.9376 | LR: 1.00e-04
2026-04-29 22:31:54,990 - ⏳ 早停计数: 3/15
2026-04-29 22:39:49,532 - Epoch  25/100 | Loss: 0.1319 / 0.1304 | mIoU: 0.8389 | Dice: 0.9106 | Acc: 0.9384 | LR: 1.00e-04
2026-04-29 22:39:49,535 - ⏳ 早停计数: 4/15
2026-04-29 22:47:37,467 - Epoch  26/100 | Loss: 0.1312 / 0.1299 | mIoU: 0.8403 | Dice: 0.9116 | Acc: 0.9385 | LR: 1.00e-04
2026-04-29 22:47:37,467 - ⏳ 早停计数: 5/15
2026-04-29 22:55:27,547 - Epoch  27/100 | Loss: 0.1312 / 0.1307 | mIoU: 0.8398 | Dice: 0.9113 | Acc: 0.9378 | LR: 1.00e-04
2026-04-29 22:55:27,547 - ⏳ 早停计数: 6/15
2026-04-29 23:03:19,147 - Epoch  28/100 | Loss: 0.1301 / 0.1306 | mIoU: 0.8393 | Dice: 0.9110 | Acc: 0.9379 | LR: 1.00e-04
2026-04-29 23:03:19,150 - ⏳ 早停计数: 7/15
2026-04-29 23:11:04,195 - Epoch  29/100 | Loss: 0.1309 / 0.1295 | mIoU: 0.8402 | Dice: 0.9115 | Acc: 0.9386 | LR: 1.00e-04
2026-04-29 23:11:04,196 - ⏳ 早停计数: 8/15
2026-04-29 23:18:51,968 - Epoch  30/100 | Loss: 0.1302 / 0.1299 | mIoU: 0.8404 | Dice: 0.9117 | Acc: 0.9381 | LR: 1.00e-04
2026-04-29 23:18:51,968 - ⏳ 早停计数: 9/15
2026-04-29 23:26:37,656 - Epoch  31/100 | Loss: 0.1298 / 0.1323 | mIoU: 0.8361 | Dice: 0.9089 | Acc: 0.9373 | LR: 1.00e-04
2026-04-29 23:26:37,656 - ⏳ 早停计数: 10/15
2026-04-29 23:34:25,761 - Epoch  32/100 | Loss: 0.1297 / 0.1328 | mIoU: 0.8381 | Dice: 0.9103 | Acc: 0.9369 | LR: 1.00e-04
2026-04-29 23:34:25,762 - ⏳ 早停计数: 11/15
2026-04-29 23:42:12,267 - Epoch  33/100 | Loss: 0.1297 / 0.1312 | mIoU: 0.8390 | Dice: 0.9109 | Acc: 0.9374 | LR: 1.00e-04
2026-04-29 23:42:12,268 - ⏳ 早停计数: 12/15
2026-04-29 23:50:02,211 - Epoch  34/100 | Loss: 0.1297 / 0.1314 | mIoU: 0.8381 | Dice: 0.9102 | Acc: 0.9379 | LR: 1.00e-04
2026-04-29 23:50:02,212 - ⏳ 早停计数: 13/15
2026-04-29 23:57:53,289 - Epoch  35/100 | Loss: 0.1291 / 0.1376 | mIoU: 0.8314 | Dice: 0.9061 | Acc: 0.9351 | LR: 1.00e-04
2026-04-29 23:57:53,289 - ⏳ 早停计数: 14/15
2026-04-30 00:05:40,058 - Epoch  36/100 | Loss: 0.1293 / 0.1307 | mIoU: 0.8396 | Dice: 0.9113 | Acc: 0.9374 | LR: 1.00e-04
2026-04-30 00:05:40,059 - ⏳ 早停计数: 15/15
2026-04-30 00:05:40,061 - 🛑 早停触发: miou 连续 15 轮未提升
2026-04-30 00:05:40,064 - 📊 绘制训练曲线...
2026-04-30 00:05:44,204 - 📈 训练曲线已保存: C:\Users\86135\Desktop\auto\yyfg\results\yyfg_end\training_history.png
2026-04-30 00:05:44,205 - ============================================================
2026-04-30 00:05:44,205 - 🎉 训练完成！
2026-04-30 00:05:44,205 - 🏆 最佳 miou: 0.8405
2026-04-30 00:05:44,206 - 📁 模型保存至: C:\Users\86135\Desktop\auto\yyfg\results\yyfg_end
2026-04-30 00:05:44,206 - ============================================================
